19:40:54 **** Build of configuration Debug for project Blinky ****
make -j20 all 
arm-none-eabi-gcc -mcpu=cortex-m33 -g3 -DDEBUG -c -x assembler-with-cpp -MMD -MP -MF"Startup/startup_stm32h563zitx.d" -MT"Startup/startup_stm32h563zitx.o" --specs=nano.specs -mfpu=fpv5-sp-d16 -mfloat-abi=hard -mthumb -o "Startup/startup_stm32h563zitx.o" "../Startup/startup_stm32h563zitx.s"
arm-none-eabi-gcc "../Src/main.c" -mcpu=cortex-m33 -std=gnu11 -g3 -DDEBUG -DSTM32H563ZITx -DSTM32 -DSTM32H5 -DNUCLEO_H563ZI -c -I../Inc -O0 -ffunction-sections -fdata-sections -Wall -fstack-usage -fcyclomatic-complexity -MMD -MP -MF"Src/main.d" -MT"Src/main.o" --specs=nano.specs -mfpu=fpv5-sp-d16 -mfloat-abi=hard -mthumb -o "Src/main.o"
arm-none-eabi-gcc "../Src/syscalls.c" -mcpu=cortex-m33 -std=gnu11 -g3 -DDEBUG -DSTM32H563ZITx -DSTM32 -DSTM32H5 -DNUCLEO_H563ZI -c -I../Inc -O0 -ffunction-sections -fdata-sections -Wall -fstack-usage -fcyclomatic-complexity -MMD -MP -MF"Src/syscalls.d" -MT"Src/syscalls.o" --specs=nano.specs -mfpu=fpv5-sp-d16 -mfloat-abi=hard -mthumb -o "Src/syscalls.o"
arm-none-eabi-gcc "../Src/sysmem.c" -mcpu=cortex-m33 -std=gnu11 -g3 -DDEBUG -DSTM32H563ZITx -DSTM32 -DSTM32H5 -DNUCLEO_H563ZI -c -I../Inc -O0 -ffunction-sections -fdata-sections -Wall -fstack-usage -fcyclomatic-complexity -MMD -MP -MF"Src/sysmem.d" -MT"Src/sysmem.o" --specs=nano.specs -mfpu=fpv5-sp-d16 -mfloat-abi=hard -mthumb -o "Src/sysmem.o"
../Src/main.c:25:4: warning: #warning "FPU is not initialized, but the project is compiling for an FPU. Please initialize the FPU before use." [-Wcpp]
   25 |   #warning "FPU is not initialized, but the project is compiling for an FPU. Please initialize the FPU before use."
      |    ^~~~~~~
arm-none-eabi-gcc -o "Blinky.elf" @"objects.list"   -mcpu=cortex-m33 -T"C:\Users\vaibh\STM32CubeIDE\workspace_2.1.1\Blinky\STM32H563ZITX_FLASH.ld" --specs=nosys.specs -Wl,-Map="Blinky.map" -Wl,--gc-sections -static --specs=nano.specs -mfpu=fpv5-sp-d16 -mfloat-abi=hard -mthumb -Wl,--start-group -lc -lm -Wl,--end-group
Finished building target: Blinky.elf
 
arm-none-eabi-size  Blinky.elf 
arm-none-eabi-objdump -h -S Blinky.elf  > "Blinky.list"
   text	   data	    bss	    dec	    hex	filename
    976	      0	   1568	   2544	    9f0	Blinky.elf
Finished building: default.size.stdout
 
Finished building: Blinky.list
 
19:42:14 **** Incremental Build of configuration Debug for project Blinky ****
make -j20 all 
arm-none-eabi-size  Blinky.elf 
   text	   data	    bss	    dec	    hex	filename
    976	      0	   1568	   2544	    9f0	Blinky.elf
Finished building: default.size.stdout
 
19:42:48 **** Incremental Build of configuration Debug for project Blinky ****
make -j20 all 
arm-none-eabi-size  Blinky.elf 
   text	   data	    bss	    dec	    hex	filename
    976	      0	   1568	   2544	    9f0	Blinky.elf
Finished building: default.size.stdout
 
19:42:55 **** Incremental Build of configuration Debug for project Blinky ****
make -j20 all 
arm-none-eabi-size  Blinky.elf 
   text	   data	    bss	    dec	    hex	filename
    976	      0	   1568	   2544	    9f0	Blinky.elf
Finished building: default.size.stdout
 
19:44:36 **** Incremental Build of configuration Debug for project Blinky ****
make -j20 all 
arm-none-eabi-size  Blinky.elf 
   text	   data	    bss	    dec	    hex	filename
    976	      0	   1568	   2544	    9f0	Blinky.elf
Finished building: default.size.stdout
 
19:51:13 **** Incremental Build of configuration Debug for project Blinky ****
make -j20 all 
arm-none-eabi-size  Blinky.elf 
   text	   data	    bss	    dec	    hex	filename
    976	      0	   1568	   2544	    9f0	Blinky.elf
Finished building: default.size.stdout
 
19:51:32 **** Incremental Build of configuration Debug for project Blinky ****
make -j20 all 
arm-none-eabi-size  Blinky.elf 
   text	   data	    bss	    dec	    hex	filename
    976	      0	   1568	   2544	    9f0	Blinky.elf
Finished building: default.size.stdout
 
19:51:47 **** Incremental Build of configuration Debug for project Blinky ****
make -j20 all 
arm-none-eabi-size  Blinky.elf 
   text	   data	    bss	    dec	    hex	filename
    976	      0	   1568	   2544	    9f0	Blinky.elf
Finished building: default.size.stdout
 
09:38:43 **** Build of configuration Debug for project Blinky ****
make -j20 all 
arm-none-eabi-gcc "../Src/main.c" -mcpu=cortex-m33 -std=gnu11 -g3 -DDEBUG -DSTM32H563ZITx -DSTM32 -DSTM32H5 -DNUCLEO_H563ZI -c -I../Inc -O0 -ffunction-sections -fdata-sections -Wall -fstack-usage -fcyclomatic-complexity -MMD -MP -MF"Src/main.d" -MT"Src/main.o" --specs=nano.specs -mfpu=fpv5-sp-d16 -mfloat-abi=hard -mthumb -o "Src/main.o"
../Src/main.c:25:4: warning: #warning "FPU is not initialized, but the project is compiling for an FPU. Please initialize the FPU before use." [-Wcpp]
   25 |   #warning "FPU is not initialized, but the project is compiling for an FPU. Please initialize the FPU before use."
      |    ^~~~~~~
arm-none-eabi-gcc -o "Blinky.elf" @"objects.list"   -mcpu=cortex-m33 -T"C:\Users\vaibh\STM32CubeIDE\workspace_2.1.1\Blinky\STM32H563ZITX_FLASH.ld" --specs=nosys.specs -Wl,-Map="Blinky.map" -Wl,--gc-sections -static --specs=nano.specs -mfpu=fpv5-sp-d16 -mfloat-abi=hard -mthumb -Wl,--start-group -lc -lm -Wl,--end-group
Finished building target: Blinky.elf
 
arm-none-eabi-size  Blinky.elf 
arm-none-eabi-objdump -h -S Blinky.elf  > "Blinky.list"
   text	   data	    bss	    dec	    hex	filename
    976	      0	   1568	   2544	    9f0	Blinky.elf
Finished building: default.size.stdout
 
Finished building: Blinky.list
 
09:39:23 **** Incremental Build of configuration Debug for project Blinky ****
make -j20 all 
arm-none-eabi-gcc "../Src/main.c" -mcpu=cortex-m33 -std=gnu11 -g3 -DDEBUG -DSTM32H563ZITx -DSTM32 -DSTM32H5 -DNUCLEO_H563ZI -c -I../Inc -O0 -ffunction-sections -fdata-sections -Wall -fstack-usage -fcyclomatic-complexity -MMD -MP -MF"Src/main.d" -MT"Src/main.o" --specs=nano.specs -mfpu=fpv5-sp-d16 -mfloat-abi=hard -mthumb -o "Src/main.o"
../Src/main.c:25:4: warning: #warning "FPU is not initialized, but the project is compiling for an FPU. Please initialize the FPU before use." [-Wcpp]
   25 |   #warning "FPU is not initialized, but the project is compiling for an FPU. Please initialize the FPU before use."
      |    ^~~~~~~
arm-none-eabi-gcc -o "Blinky.elf" @"objects.list"   -mcpu=cortex-m33 -T"C:\Users\vaibh\STM32CubeIDE\workspace_2.1.1\Blinky\STM32H563ZITX_FLASH.ld" --specs=nosys.specs -Wl,-Map="Blinky.map" -Wl,--gc-sections -static --specs=nano.specs -mfpu=fpv5-sp-d16 -mfloat-abi=hard -mthumb -Wl,--start-group -lc -lm -Wl,--end-group
Finished building target: Blinky.elf
 
arm-none-eabi-size  Blinky.elf 
arm-none-eabi-objdump -h -S Blinky.elf  > "Blinky.list"
   text	   data	    bss	    dec	    hex	filename
    976	      0	   1568	   2544	    9f0	Blinky.elf
Finished building: default.size.stdout
 
Finished building: Blinky.list
 
09:41:50 **** Incremental Build of configuration Debug for project Blinky ****
make -j20 all 
arm-none-eabi-gcc "../Src/main.c" -mcpu=cortex-m33 -std=gnu11 -g3 -DDEBUG -DSTM32H563ZITx -DSTM32 -DSTM32H5 -DNUCLEO_H563ZI -c -I../Inc -O0 -ffunction-sections -fdata-sections -Wall -fstack-usage -fcyclomatic-complexity -MMD -MP -MF"Src/main.d" -MT"Src/main.o" --specs=nano.specs -mfpu=fpv5-sp-d16 -mfloat-abi=hard -mthumb -o "Src/main.o"
../Src/main.c:25:4: warning: #warning "FPU is not initialized, but the project is compiling for an FPU. Please initialize the FPU before use." [-Wcpp]
   25 |   #warning "FPU is not initialized, but the project is compiling for an FPU. Please initialize the FPU before use."
      |    ^~~~~~~
arm-none-eabi-gcc -o "Blinky.elf" @"objects.list"   -mcpu=cortex-m33 -T"C:\Users\vaibh\STM32CubeIDE\workspace_2.1.1\Blinky\STM32H563ZITX_FLASH.ld" --specs=nosys.specs -Wl,-Map="Blinky.map" -Wl,--gc-sections -static --specs=nano.specs -mfpu=fpv5-sp-d16 -mfloat-abi=hard -mthumb -Wl,--start-group -lc -lm -Wl,--end-group
Finished building target: Blinky.elf
 
arm-none-eabi-size  Blinky.elf 
arm-none-eabi-objdump -h -S Blinky.elf  > "Blinky.list"
   text	   data	    bss	    dec	    hex	filename
    972	      0	   1568	   2540	    9ec	Blinky.elf
Finished building: default.size.stdout
 
Finished building: Blinky.list
 
09:41:54 **** Incremental Build of configuration Debug for project Blinky ****
make -j20 all 
arm-none-eabi-size  Blinky.elf 
   text	   data	    bss	    dec	    hex	filename
    972	      0	   1568	   2540	    9ec	Blinky.elf
Finished building: default.size.stdout
 
